###############################################################################
#
# IAR C/C++ Compiler V10.30.1.6000 for 8051               10/Dec/2023  13:11:45
# Copyright 2004-2018 IAR Systems AB.
# PC-locked license - IAR Embedded Workbench for 8051
#
#    Core               =  plain
#    Code model         =  banked
#    Data model         =  large
#    Calling convention =  xdata reentrant
#    Constant location  =  data_rom
#    Dptr setup         =  1,16
#                          
#    Source file        =  
#        C:\Texas Instruments\Z-Stack
#        3.0.2\Projects\zstack\HomeAutomation\4-Switch-PowerSaving-firmware\Source\hal_key.c
#    Command line       =  
#        -f C:\Users\Flemming\AppData\Local\Temp\EWA751.tmp ("C:\Texas
#        Instruments\Z-Stack
#        3.0.2\Projects\zstack\HomeAutomation\4-Switch-PowerSaving-firmware\Source\hal_key.c"
#        -D SECURE=1 -D TC_LINKKEY_JOIN -D NV_INIT -D NV_RESTORE -D
#        POWER_SAVING -D NWK_AUTO_POLL -D xZTOOL_P1 -D xMT_TASK -D xMT_APP_FUNC
#        -D xMT_SYS_FUNC -D xMT_ZDO_FUNC -D xMT_ZDO_MGMT -D xMT_APP_CNF_FUNC -D
#        xLEGACY_LCD_DEBUG -D xLCD_SUPPORTED=DEBUG -D MULTICAST_ENABLED=FALSE
#        -D ZCL_READ -D ZCL_WRITE -D ZCL_BASIC -D ZCL_IDENTIFY -D xZCL_SCENES
#        -D xZCL_GROUPS -D ZCL_ON_OFF -D xZCL_DISCOVER -D ZCL_REPORTING_DEVICE
#        -D ISR_KEYINTERRUPT -D HAL_LCD=FALSE -D HAL_UARTE=FALSE -D
#        HAL_SPI=FALSE -D HAL_HID=FALSE -lC "C:\Texas Instruments\Z-Stack
#        3.0.2\Projects\zstack\HomeAutomation\4-Switch-PowerSaving-firmware\CC2530DB\EndDeviceEB\List"
#        -lA "C:\Texas Instruments\Z-Stack
#        3.0.2\Projects\zstack\HomeAutomation\4-Switch-PowerSaving-firmware\CC2530DB\EndDeviceEB\List"
#        --diag_suppress Pe001,Pa010 -o "C:\Texas Instruments\Z-Stack
#        3.0.2\Projects\zstack\HomeAutomation\4-Switch-PowerSaving-firmware\CC2530DB\EndDeviceEB\Obj"
#        -e --debug --core=plain --dptr=16,1 --data_model=large
#        --code_model=banked --calling_convention=xdata_reentrant
#        --place_constants=data_rom --nr_virtual_regs 16 -f "C:\Texas
#        Instruments\Z-Stack
#        3.0.2\Projects\zstack\HomeAutomation\4-Switch-PowerSaving-firmware\CC2530DB\..\..\..\Tools\CC2530DB\f8wEndev.cfg"
#        (-DCPU32MHZ -DROOT=__near_func -DMAC_CFG_TX_DATA_MAX=3
#        -DMAC_CFG_TX_MAX=6 -DMAC_CFG_RX_MAX=3) -f "C:\Texas
#        Instruments\Z-Stack
#        3.0.2\Projects\zstack\HomeAutomation\4-Switch-PowerSaving-firmware\CC2530DB\..\..\..\Tools\CC2530DB\f8wConfig.cfg"
#        (-DZIGBEEPRO -DSECURE=1 -DZG_SECURE_DYNAMIC=0 -DREFLECTOR
#        -DDEFAULT_CHANLIST=0x00000800 -DZDAPP_CONFIG_PAN_ID=0xFFFF
#        -DNWK_START_DELAY=100 -DEXTENDED_JOINING_RANDOM_MASK=0x007F
#        -DBEACON_REQUEST_DELAY=100 -DBEACON_REQ_DELAY_MASK=0x00FF
#        -DLINK_STATUS_JITTER_MASK=0x007F -DROUTE_EXPIRY_TIME=30
#        -DAPSC_ACK_WAIT_DURATION_POLLED=3000 -DNWK_INDIRECT_MSG_TIMEOUT=7
#        -DMAX_RREQ_ENTRIES=8 -DAPSC_MAX_FRAME_RETRIES=3
#        -DNWK_MAX_DATA_RETRIES=2 -DMAX_POLL_FAILURE_RETRIES=2 -DMAX_BCAST=9
#        -DAPS_MAX_GROUPS=16 -DMAX_RTG_ENTRIES=40 -DNWK_MAX_BINDING_ENTRIES=4
#        -DMAX_BINDING_CLUSTER_IDS=4 -DDEFAULT_KEY={0} -DMAC_MAX_FRAME_SIZE=116
#        -DZDNWKMGR_MIN_TRANSMISSIONS=20 "-DCONST=const __code"
#        -DGENERIC=__generic -DRFD_RCVC_ALWAYS_ON=FALSE -DPOLL_RATE=1000
#        -DQUEUED_POLL_RATE=100 -DRESPONSE_POLL_RATE=100 -DREJOIN_POLL_RATE=440
#        -DREJOIN_BACKOFF=900000 -DREJOIN_SCAN=900000 -DENABLE_LED4_DISABLE_S1)
#        -f "C:\Texas Instruments\Z-Stack
#        3.0.2\Projects\zstack\HomeAutomation\4-Switch-PowerSaving-firmware\CC2530DB\..\..\..\Tools\CC2530DB\f8wZCL.cfg"
#        -I "C:\Texas Instruments\Z-Stack
#        3.0.2\Projects\zstack\HomeAutomation\4-Switch-PowerSaving-firmware\CC2530DB\"
#        -I "C:\Texas Instruments\Z-Stack
#        3.0.2\Projects\zstack\HomeAutomation\4-Switch-PowerSaving-firmware\CC2530DB\..\Source\"
#        -I "C:\Texas Instruments\Z-Stack
#        3.0.2\Projects\zstack\HomeAutomation\4-Switch-PowerSaving-firmware\CC2530DB\..\..\Source\"
#        -I "C:\Texas Instruments\Z-Stack
#        3.0.2\Projects\zstack\HomeAutomation\4-Switch-PowerSaving-firmware\CC2530DB\..\..\..\ZMain\TI2530DB\"
#        -I "C:\Texas Instruments\Z-Stack
#        3.0.2\Projects\zstack\HomeAutomation\4-Switch-PowerSaving-firmware\CC2530DB\..\..\..\..\..\Components\hal\include\"
#        -I "C:\Texas Instruments\Z-Stack
#        3.0.2\Projects\zstack\HomeAutomation\4-Switch-PowerSaving-firmware\CC2530DB\..\..\..\..\..\Components\hal\target\CC2530EB\"
#        -I "C:\Texas Instruments\Z-Stack
#        3.0.2\Projects\zstack\HomeAutomation\4-Switch-PowerSaving-firmware\CC2530DB\..\..\..\..\..\Components\mac\include\"
#        -I "C:\Texas Instruments\Z-Stack
#        3.0.2\Projects\zstack\HomeAutomation\4-Switch-PowerSaving-firmware\CC2530DB\..\..\..\..\..\Components\mac\high_level\"
#        -I "C:\Texas Instruments\Z-Stack
#        3.0.2\Projects\zstack\HomeAutomation\4-Switch-PowerSaving-firmware\CC2530DB\..\..\..\..\..\Components\mac\low_level\srf04\"
#        -I "C:\Texas Instruments\Z-Stack
#        3.0.2\Projects\zstack\HomeAutomation\4-Switch-PowerSaving-firmware\CC2530DB\..\..\..\..\..\Components\mac\low_level\srf04\single_chip\"
#        -I "C:\Texas Instruments\Z-Stack
#        3.0.2\Projects\zstack\HomeAutomation\4-Switch-PowerSaving-firmware\CC2530DB\..\..\..\..\..\Components\mt\"
#        -I "C:\Texas Instruments\Z-Stack
#        3.0.2\Projects\zstack\HomeAutomation\4-Switch-PowerSaving-firmware\CC2530DB\..\..\..\..\..\Components\osal\include\"
#        -I "C:\Texas Instruments\Z-Stack
#        3.0.2\Projects\zstack\HomeAutomation\4-Switch-PowerSaving-firmware\CC2530DB\..\..\..\..\..\Components\services\saddr\"
#        -I "C:\Texas Instruments\Z-Stack
#        3.0.2\Projects\zstack\HomeAutomation\4-Switch-PowerSaving-firmware\CC2530DB\..\..\..\..\..\Components\services\sdata\"
#        -I "C:\Texas Instruments\Z-Stack
#        3.0.2\Projects\zstack\HomeAutomation\4-Switch-PowerSaving-firmware\CC2530DB\..\..\..\..\..\Components\stack\af\"
#        -I "C:\Texas Instruments\Z-Stack
#        3.0.2\Projects\zstack\HomeAutomation\4-Switch-PowerSaving-firmware\CC2530DB\..\..\..\..\..\Components\stack\bdb\"
#        -I "C:\Texas Instruments\Z-Stack
#        3.0.2\Projects\zstack\HomeAutomation\4-Switch-PowerSaving-firmware\CC2530DB\..\..\..\..\..\Components\stack\gp\"
#        -I "C:\Texas Instruments\Z-Stack
#        3.0.2\Projects\zstack\HomeAutomation\4-Switch-PowerSaving-firmware\CC2530DB\..\..\..\..\..\Components\stack\nwk\"
#        -I "C:\Texas Instruments\Z-Stack
#        3.0.2\Projects\zstack\HomeAutomation\4-Switch-PowerSaving-firmware\CC2530DB\..\..\..\..\..\Components\stack\sapi\"
#        -I "C:\Texas Instruments\Z-Stack
#        3.0.2\Projects\zstack\HomeAutomation\4-Switch-PowerSaving-firmware\CC2530DB\..\..\..\..\..\Components\stack\sec\"
#        -I "C:\Texas Instruments\Z-Stack
#        3.0.2\Projects\zstack\HomeAutomation\4-Switch-PowerSaving-firmware\CC2530DB\..\..\..\..\..\Components\stack\sys\"
#        -I "C:\Texas Instruments\Z-Stack
#        3.0.2\Projects\zstack\HomeAutomation\4-Switch-PowerSaving-firmware\CC2530DB\..\..\..\..\..\Components\stack\zcl\"
#        -I "C:\Texas Instruments\Z-Stack
#        3.0.2\Projects\zstack\HomeAutomation\4-Switch-PowerSaving-firmware\CC2530DB\..\..\..\..\..\Components\stack\zdo\"
#        -I "C:\Texas Instruments\Z-Stack
#        3.0.2\Projects\zstack\HomeAutomation\4-Switch-PowerSaving-firmware\CC2530DB\..\..\..\..\..\Components\zmac\"
#        -I "C:\Texas Instruments\Z-Stack
#        3.0.2\Projects\zstack\HomeAutomation\4-Switch-PowerSaving-firmware\CC2530DB\..\..\..\..\..\Components\zmac\f8w\"
#        -Ohz --require_prototypes)
#    Locale             =  Danish_DNK.1252
#    List file          =  
#        C:\Texas Instruments\Z-Stack
#        3.0.2\Projects\zstack\HomeAutomation\4-Switch-PowerSaving-firmware\CC2530DB\EndDeviceEB\List\hal_key.lst
#    Object file        =  
#        C:\Texas Instruments\Z-Stack
#        3.0.2\Projects\zstack\HomeAutomation\4-Switch-PowerSaving-firmware\CC2530DB\EndDeviceEB\Obj\hal_key.r51
#
###############################################################################

C:\Texas Instruments\Z-Stack 3.0.2\Projects\zstack\HomeAutomation\4-Switch-PowerSaving-firmware\Source\hal_key.c
      1          /**************************************************************************************************
      2            Filename:       hal_key.c
      3            Revised:        $Date: 2010-09-15 19:02:45 -0700 (Wed, 15 Sep 2010) $
      4            Revision:       $Revision: 23815 $
      5          
      6            Description:    This file contains the interface to the HAL KEY Service.
      7          
      8          
      9            Copyright 2006-2010 Texas Instruments Incorporated. All rights reserved.
     10          
     11            IMPORTANT: Your use of this Software is limited to those specific rights
     12            granted under the terms of a software license agreement between the user
     13            who downloaded the software, his/her employer (which must be your employer)
     14            and Texas Instruments Incorporated (the "License").  You may not use this
     15            Software unless you agree to abide by the terms of the License. The License
     16            limits your use, and you acknowledge, that the Software may not be modified,
     17            copied or distributed unless embedded on a Texas Instruments microcontroller
     18            or used solely and exclusively in conjunction with a Texas Instruments radio
     19            frequency transceiver, which is integrated into your product.  Other than for
     20            the foregoing purpose, you may not use, reproduce, copy, prepare derivative
     21            works of, modify, distribute, perform, display or sell this Software and/or
     22            its documentation for any purpose.
     23          
     24            YOU FURTHER ACKNOWLEDGE AND AGREE THAT THE SOFTWARE AND DOCUMENTATION ARE
     25            PROVIDED “AS IS” WITHOUT WARRANTY OF ANY KIND, EITHER EXPRESS OR IMPLIED,
     26            INCLUDING WITHOUT LIMITATION, ANY WARRANTY OF MERCHANTABILITY, TITLE,
     27            NON-INFRINGEMENT AND FITNESS FOR A PARTICULAR PURPOSE. IN NO EVENT SHALL
     28            TEXAS INSTRUMENTS OR ITS LICENSORS BE LIABLE OR OBLIGATED UNDER CONTRACT,
     29            NEGLIGENCE, STRICT LIABILITY, CONTRIBUTION, BREACH OF WARRANTY, OR OTHER
     30            LEGAL EQUITABLE THEORY ANY DIRECT OR INDIRECT DAMAGES OR EXPENSES
     31            INCLUDING BUT NOT LIMITED TO ANY INCIDENTAL, SPECIAL, INDIRECT, PUNITIVE
     32            OR CONSEQUENTIAL DAMAGES, LOST PROFITS OR LOST DATA, COST OF PROCUREMENT
     33            OF SUBSTITUTE GOODS, TECHNOLOGY, SERVICES, OR ANY CLAIMS BY THIRD PARTIES
     34            (INCLUDING BUT NOT LIMITED TO ANY DEFENSE THEREOF), OR OTHER SIMILAR COSTS.
     35          
     36            Should you have any questions regarding your right to use this Software,
     37            contact Texas Instruments Incorporated at www.TI.com.
     38          **************************************************************************************************/
     39          /*********************************************************************
     40           NOTE: If polling is used, the hal_driver task schedules the KeyRead()
     41                 to occur every 100ms.  This should be long enough to naturally
     42                 debounce the keys.  The KeyRead() function remembers the key
     43                 state of the previous poll and will only return a non-zero
     44                 value if the key state changes.
     45          
     46           NOTE: If interrupts are used, the KeyRead() function is scheduled
     47                 25ms after the interrupt occurs by the ISR.  This delay is used
     48                 for key debouncing.  The ISR disables any further Key interrupt
     49                 until KeyRead() is executed.  KeyRead() will re-enable Key
     50                 interrupts after executing.  Unlike polling, when interrupts
     51                 are enabled, the previous key state is not remembered.  This
     52                 means that KeyRead() will return the current state of the keys
     53                 (not a change in state of the keys).
     54          
     55           NOTE: If interrupts are used, the KeyRead() fucntion is scheduled by
     56                 the ISR.  Therefore, the joystick movements will only be detected
     57                 during a pushbutton interrupt caused by S1 or the center joystick
     58                 pushbutton.
     59          
     60           NOTE: When a switch like S1 is pushed, the S1 signal goes from a normally
     61                 high state to a low state.  This transition is typically clean.  The
     62                 duration of the low state is around 200ms.  When the signal returns
     63                 to the high state, there is a high likelihood of signal bounce, which
     64                 causes a unwanted interrupts.  Normally, we would set the interrupt
     65                 edge to falling edge to generate an interrupt when S1 is pushed, but
     66                 because of the signal bounce, it is better to set the edge to rising
     67                 edge to generate an interrupt when S1 is released.  The debounce logic
     68                 can then filter out the signal bounce.  The result is that we typically
     69                 get only 1 interrupt per button push.  This mechanism is not totally
     70                 foolproof because occasionally, signal bound occurs during the falling
     71                 edge as well.  A similar mechanism is used to handle the joystick
     72                 pushbutton on the DB.  For the EB, we do not have independent control
     73                 of the interrupt edge for the S1 and center joystick pushbutton.  As
     74                 a result, only one or the other pushbuttons work reasonably well with
     75                 interrupts.  The default is the make the S1 switch on the EB work more
     76                 reliably.
     77          
     78          *********************************************************************/
     79          
     80          /**************************************************************************************************
     81           *                                            INCLUDES
     82           **************************************************************************************************/
     83          #include "hal_mcu.h"

   \                                 In  segment SFR_AN, at 0x89
   \   unsigned char volatile __sfr P0IFG
   \                     P0IFG:
   \   000000                DS 1

   \                                 In  segment SFR_AN, at 0x8a
   \   unsigned char volatile __sfr P1IFG
   \                     P1IFG:
   \   000000                DS 1

   \                                 In  segment SFR_AN, at 0x8b
   \   unsigned char volatile __sfr P2IFG
   \                     P2IFG:
   \   000000                DS 1

   \                                 In  segment SFR_AN, at 0x8c
   \   unsigned char volatile __sfr PICTL
   \                     PICTL:
   \   000000                DS 1

   \                                 In  segment SFR_AN, at 0x8d
   \   unsigned char volatile __sfr P1IEN
   \                     P1IEN:
   \   000000                DS 1

   \                                 In  segment SFR_AN, at 0x9a
   \   unsigned char volatile __sfr IEN2
   \                     IEN2:
   \   000000                DS 1

   \                                 In  segment SFR_AN, at 0xa8
   \   union <unnamed> volatile __sfr _A_IEN0
   \                     _A_IEN0:
   \   000000                DS 1

   \                                 In  segment SFR_AN, at 0xab
   \   unsigned char volatile __sfr P0IEN
   \                     P0IEN:
   \   000000                DS 1

   \                                 In  segment SFR_AN, at 0xac
   \   unsigned char volatile __sfr P2IEN
   \                     P2IEN:
   \   000000                DS 1

   \                                 In  segment SFR_AN, at 0xb8
   \   union <unnamed> volatile __sfr _A_IEN1
   \                     _A_IEN1:
   \   000000                DS 1

   \                                 In  segment SFR_AN, at 0xc0
   \   union <unnamed> volatile __sfr _A_IRCON
   \                     _A_IRCON:
   \   000000                DS 1

   \                                 In  segment SFR_AN, at 0xe8
   \   union <unnamed> volatile __sfr _A_IRCON2
   \                     _A_IRCON2:
   \   000000                DS 1

   \                                 In  segment SFR_AN, at 0xf3
   \   unsigned char volatile __sfr P0SEL
   \                     P0SEL:
   \   000000                DS 1

   \                                 In  segment SFR_AN, at 0xf4
   \   unsigned char volatile __sfr P1SEL
   \                     P1SEL:
   \   000000                DS 1

   \                                 In  segment SFR_AN, at 0xf5
   \   unsigned char volatile __sfr P2SEL
   \                     P2SEL:
   \   000000                DS 1

   \                                 In  segment SFR_AN, at 0xfd
   \   unsigned char volatile __sfr P0DIR
   \                     P0DIR:
   \   000000                DS 1

   \                                 In  segment SFR_AN, at 0xfe
   \   unsigned char volatile __sfr P1DIR
   \                     P1DIR:
   \   000000                DS 1

   \                                 In  segment SFR_AN, at 0xff
   \   unsigned char volatile __sfr P2DIR
   \                     P2DIR:
   \   000000                DS 1
     84          #include "hal_defs.h"
     85          #include "hal_types.h"
     86          #include "hal_board.h"
     87          #include "hal_drivers.h"
     88          #include "hal_adc.h"
     89          #include "hal_key.h"
     90          #include "osal.h"
     91             
     92          //#include <stdio.h>   
     93          
     94          #if (defined HAL_KEY) && (HAL_KEY == TRUE)
     95          
     96          /**************************************************************************************************
     97           *                                              MACROS
     98           **************************************************************************************************/
     99          
    100          /**************************************************************************************************
    101           *                                            CONSTANTS
    102           **************************************************************************************************/
    103             
    104          #define HAL_KEY_RISING_EDGE   0
    105          #define HAL_KEY_FALLING_EDGE  1
    106          
    107          #define HAL_KEY_DEBOUNCE_VALUE  25
    108          
    109          /* CPU port interrupt */
    110          #define HAL_KEY_CPU_PORT_0_IF P0IF
    111          #define HAL_KEY_CPU_PORT_1_IF P1IF
    112          #define HAL_KEY_CPU_PORT_2_IF P2IF
    113          
    114          /* SW_6 is at P0.1 */
    115          #define HAL_KEY_SW_6_PORT   P0
    116          #define HAL_KEY_SW_6_BIT    BV(1)
    117          #define HAL_KEY_SW_6_SEL    P0SEL
    118          #define HAL_KEY_SW_6_DIR    P0DIR
    119          /* edge interrupt */
    120          #define HAL_KEY_SW_6_EDGEBIT  BV(0)
    121          #define HAL_KEY_SW_6_EDGE     HAL_KEY_FALLING_EDGE
    122          /* SW_6 interrupts */
    123          #define HAL_KEY_SW_6_IEN      IEN1  /* CPU interrupt mask register */
    124          #define HAL_KEY_SW_6_IENBIT   BV(5) /* Mask bit for all of Port_0 */
    125          #define HAL_KEY_SW_6_ICTL     P0IEN /* Port Interrupt Control register */
    126          #define HAL_KEY_SW_6_ICTLBIT  BV(1) /* P0IEN - P0.1 enable/disable bit */
    127          #define HAL_KEY_SW_6_PXIFG    P0IFG /* Interrupt flag at source */
    128          
    129          /* SW_5 is at P1.2 */
    130          #define HAL_KEY_SW_5_PORT   P1
    131          #define HAL_KEY_SW_5_BIT    BV(2)
    132          #define HAL_KEY_SW_5_SEL    P1SEL
    133          #define HAL_KEY_SW_5_DIR    P1DIR
    134          /* edge interrupt */
    135          #define HAL_KEY_SW_5_EDGEBIT  BV(1)
    136          #define HAL_KEY_SW_5_EDGE     HAL_KEY_FALLING_EDGE
    137          /* SW_5 interrupts */
    138          #define HAL_KEY_SW_5_IEN      IEN2  /* CPU interrupt mask register */
    139          #define HAL_KEY_SW_5_IENBIT   BV(4) /* Mask bit for all of Port_1 */
    140          #define HAL_KEY_SW_5_ICTL     P1IEN /* Port Interrupt Control register */
    141          #define HAL_KEY_SW_5_ICTLBIT  BV(2) /* P0IEN - P1.2 enable/disable bit */
    142          #define HAL_KEY_SW_5_PXIFG    P1IFG /* Interrupt flag at source */
    143             
    144          /* SW_4 is at P1.7 */
    145          #define HAL_KEY_SW_4_PORT   P1
    146          #define HAL_KEY_SW_4_BIT    BV(7)
    147          #define HAL_KEY_SW_4_SEL    P1SEL
    148          #define HAL_KEY_SW_4_DIR    P1DIR
    149          /* edge interrupt */
    150          #define HAL_KEY_SW_4_EDGEBIT  BV(2)
    151          #define HAL_KEY_SW_4_EDGE     HAL_KEY_FALLING_EDGE
    152          /* SW_4 interrupts */
    153          #define HAL_KEY_SW_4_IEN      IEN2  /* CPU interrupt mask register */
    154          #define HAL_KEY_SW_4_IENBIT   BV(4) /* Mask bit for all of Port_1 */
    155          #define HAL_KEY_SW_4_ICTL     P1IEN /* Port Interrupt Control register */
    156          #define HAL_KEY_SW_4_ICTLBIT  BV(7) /* P0IEN - P1.7 enable/disable bit */
    157          #define HAL_KEY_SW_4_PXIFG    P1IFG /* Interrupt flag at source */   
    158             
    159          /* SW_1 is at P2.0 */
    160          #define HAL_KEY_SW_1_PORT   P2
    161          #define HAL_KEY_SW_1_BIT    BV(0)
    162          #define HAL_KEY_SW_1_SEL    P2SEL
    163          #define HAL_KEY_SW_1_DIR    P2DIR
    164          /* edge interrupt */
    165          #define HAL_KEY_SW_1_EDGEBIT  BV(3)
    166          #define HAL_KEY_SW_1_EDGE     HAL_KEY_FALLING_EDGE
    167          /* Joy move interrupts */
    168          #define HAL_KEY_SW_1_IEN      IEN2  /* CPU interrupt mask register */
    169          #define HAL_KEY_SW_1_IENBIT   BV(1) /* Mask bit for all of Port_2 */
    170          #define HAL_KEY_SW_1_ICTL     P2IEN /* Port Interrupt Control register */
    171          #define HAL_KEY_SW_1_ICTLBIT  BV(0) /* P2IENL - P2.0 enable/disable bit */
    172          #define HAL_KEY_SW_1_PXIFG    P2IFG /* Interrupt flag at source */
    173          

   \                                 In  segment XDATA_Z, align 1, keep-with-next
    174          bool isEdgeBitSet6 = false;
   \                     isEdgeBitSet6:
   \   000000                DS 1
   \   000001                REQUIRE __INIT_XDATA_Z

   \                                 In  segment XDATA_Z, align 1, keep-with-next
    175          bool isEdgeBitSet5 = false;
   \                     isEdgeBitSet5:
   \   000000                DS 1
   \   000001                REQUIRE __INIT_XDATA_Z

   \                                 In  segment XDATA_Z, align 1, keep-with-next
    176          bool isEdgeBitSet4 = false;
   \                     isEdgeBitSet4:
   \   000000                DS 1
   \   000001                REQUIRE __INIT_XDATA_Z

   \                                 In  segment XDATA_Z, align 1, keep-with-next
    177          bool isEdgeBitSet1 = false;
   \                     isEdgeBitSet1:
   \   000000                DS 1
   \   000001                REQUIRE __INIT_XDATA_Z

   \                                 In  segment XDATA_Z, align 1, keep-with-next
    178          bool HAL_KEY_SW_6_ACTIVE = false;
   \                     HAL_KEY_SW_6_ACTIVE:
   \   000000                DS 1
   \   000001                REQUIRE __INIT_XDATA_Z

   \                                 In  segment XDATA_Z, align 1, keep-with-next
    179          bool HAL_KEY_SW_5_ACTIVE = false;
   \                     HAL_KEY_SW_5_ACTIVE:
   \   000000                DS 1
   \   000001                REQUIRE __INIT_XDATA_Z

   \                                 In  segment XDATA_Z, align 1, keep-with-next
    180          bool HAL_KEY_SW_4_ACTIVE = false;
   \                     HAL_KEY_SW_4_ACTIVE:
   \   000000                DS 1
   \   000001                REQUIRE __INIT_XDATA_Z

   \                                 In  segment XDATA_Z, align 1, keep-with-next
    181          bool HAL_KEY_SW_1_ACTIVE = false;
   \                     HAL_KEY_SW_1_ACTIVE:
   \   000000                DS 1
   \   000001                REQUIRE __INIT_XDATA_Z
    182          
    183          /**************************************************************************************************
    184           *                                            TYPEDEFS
    185           **************************************************************************************************/
    186          
    187          
    188          /**************************************************************************************************
    189           *                                        GLOBAL VARIABLES
    190           **************************************************************************************************/

   \                                 In  segment XDATA_Z, align 1, keep-with-next
    191          static halKeyCBack_t pHalKeyProcessFunction;
   \                     pHalKeyProcessFunction:
   \   000000                DS 2
   \   000002                REQUIRE __INIT_XDATA_Z

   \                                 In  segment XDATA_Z, align 1, keep-with-next
    192          static uint8 HalKeyConfigured;
   \                     HalKeyConfigured:
   \   000000                DS 1
   \   000001                REQUIRE __INIT_XDATA_Z

   \                                 In  segment XDATA_Z, align 1, keep-with-next
    193          bool Hal_KeyIntEnable;            /* interrupt enable/disable flag */
   \                     Hal_KeyIntEnable:
   \   000000                DS 1
   \   000001                REQUIRE __INIT_XDATA_Z
    194          
    195          /**************************************************************************************************
    196           *                                        FUNCTIONS - Local
    197           **************************************************************************************************/
    198          void halProcessKeyInterrupt(void);
    199          uint8 halGetJoyKeyInput(void);
    200          
    201          
    202          
    203          /**************************************************************************************************
    204           *                                        FUNCTIONS - API
    205           **************************************************************************************************/
    206          
    207          
    208          /**************************************************************************************************
    209           * @fn      HalKeyInit
    210           *
    211           * @brief   Initilize Key Service
    212           *
    213           * @param   none
    214           *
    215           * @return  None
    216           **************************************************************************************************/

   \                                 In  segment BANKED_CODE, align 1, keep-with-next
    217          void HalKeyInit( void )
   \                     HalKeyInit:
    218          {
   \   000000   C082         PUSH      DPL
   \   000002   C083         PUSH      DPH
   \   000004                ; Saved register size: 2
   \   000004                ; Auto size: 0
    219            HAL_KEY_SW_6_SEL &= ~(HAL_KEY_SW_6_BIT);    /* Set pin function to GPIO */
   \   000004   53F3FD       ANL       0xf3,#0xfd
    220            HAL_KEY_SW_6_DIR &= ~(HAL_KEY_SW_6_BIT);    /* Set pin direction to Input */
   \   000007   53FDFD       ANL       0xfd,#0xfd
    221          
    222            HAL_KEY_SW_5_SEL &= ~(HAL_KEY_SW_5_BIT);    /* Set pin function to GPIO */
   \   00000A   53F4FB       ANL       0xf4,#0xfb
    223            HAL_KEY_SW_5_DIR &= ~(HAL_KEY_SW_5_BIT);    /* Set pin direction to Input */
   \   00000D   53FEFB       ANL       0xfe,#0xfb
    224          
    225            HAL_KEY_SW_4_SEL &= ~(HAL_KEY_SW_4_BIT);    /* Set pin function to GPIO */
   \   000010   53F47F       ANL       0xf4,#0x7f
    226            HAL_KEY_SW_4_DIR &= ~(HAL_KEY_SW_4_BIT);    /* Set pin direction to Input */
   \   000013   53FE7F       ANL       0xfe,#0x7f
    227            
    228            HAL_KEY_SW_1_SEL &= ~(HAL_KEY_SW_1_BIT);    /* Set pin function to GPIO */
   \   000016   53F5FE       ANL       0xf5,#0xfe
    229            HAL_KEY_SW_1_DIR &= ~(HAL_KEY_SW_1_BIT);    /* Set pin direction to Input */
   \   000019   53FFFE       ANL       0xff,#0xfe
    230          
    231          
    232            /* Initialize callback function */
    233            pHalKeyProcessFunction  = NULL;
   \   00001C   90....       MOV       DPTR,#pHalKeyProcessFunction
   \   00001F   E4           CLR       A
   \   000020   F0           MOVX      @DPTR,A
   \   000021   A3           INC       DPTR
   \   000022   F0           MOVX      @DPTR,A
    234          
    235            /* Start with key is not configured */
    236            HalKeyConfigured = FALSE;
   \   000023   90....       MOV       DPTR,#HalKeyConfigured
   \   000026   F0           MOVX      @DPTR,A
    237          }
   \   000027                REQUIRE ?Subroutine0
   \   000027                REQUIRE P0SEL
   \   000027                REQUIRE P0DIR
   \   000027                REQUIRE P1SEL
   \   000027                REQUIRE P1DIR
   \   000027                REQUIRE P2SEL
   \   000027                REQUIRE P2DIR
   \   000027                ; // Fall through to label ?Subroutine0

   \                                 In  segment BANKED_CODE, align 1, keep-with-next
   \                     ?Subroutine0:
   \   000000   D083         POP       DPH
   \   000002   D082         POP       DPL
   \   000004   02....       LJMP      ?BRET
    238          
    239          
    240          /**************************************************************************************************
    241           * @fn      HalKeyConfig
    242           *
    243           * @brief   Configure the Key serivce
    244           *
    245           * @param   interruptEnable - TRUE/FALSE, enable/disable interrupt
    246           *          cback - pointer to the CallBack function
    247           *
    248           * @return  None
    249           **************************************************************************************************/

   \                                 In  segment BANKED_CODE, align 1, keep-with-next
    250          void HalKeyConfig (bool interruptEnable, halKeyCBack_t cback)
   \                     HalKeyConfig:
    251          {
   \   000000   74F7         MOV       A,#-0x9
   \   000002   12....       LCALL     ?BANKED_ENTER_XDATA
   \   000005                ; Saved register size: 9
   \   000005                ; Auto size: 0
   \   000005   E9           MOV       A,R1
    252            /* Enable/Disable Interrupt or */
    253            Hal_KeyIntEnable = interruptEnable;
   \   000006   90....       MOV       DPTR,#Hal_KeyIntEnable
   \   000009   F0           MOVX      @DPTR,A
    254          
    255            /* Register the callback fucntion */
    256            pHalKeyProcessFunction = cback;
   \   00000A   90....       MOV       DPTR,#pHalKeyProcessFunction
   \   00000D   EA           MOV       A,R2
   \   00000E   F0           MOVX      @DPTR,A
   \   00000F   A3           INC       DPTR
   \   000010   EB           MOV       A,R3
   \   000011   F0           MOVX      @DPTR,A
    257          
    258            /* Determine if interrupt is enable or not */
    259            if (Hal_KeyIntEnable)
   \   000012   90....       MOV       DPTR,#Hal_KeyIntEnable
   \   000015   E0           MOVX      A,@DPTR
   \   000016   6045         JZ        ??HalKeyConfig_0
    260            {
    261              
    262              /* Rising/Falling edge configuratinn */
    263              PICTL |= HAL_KEY_SW_6_EDGEBIT; /* Falling edge bit */
   \   000018   438C01       ORL       0x8c,#0x1
    264              PICTL |= HAL_KEY_SW_5_EDGEBIT; /* Falling edge bit */
   \   00001B   438C02       ORL       0x8c,#0x2
    265              PICTL |= HAL_KEY_SW_4_EDGEBIT; /* Falling edge bit */
   \   00001E   438C04       ORL       0x8c,#0x4
    266              PICTL |= HAL_KEY_SW_1_EDGEBIT; /* Falling edge bit */
   \   000021   438C08       ORL       0x8c,#0x8
    267              
    268              /* Interrupt configuration:
    269               * - Enable interrupt generation at the port
    270               * - Enable CPU interrupt
    271               * - Clear any pending interrupt
    272               */
    273              HAL_KEY_SW_6_ICTL |= HAL_KEY_SW_6_ICTLBIT;
   \   000024   43AB02       ORL       0xab,#0x2
    274              HAL_KEY_SW_6_IEN |= HAL_KEY_SW_6_IENBIT;
   \   000027   D2BD         SETB      0xb8.5
    275              HAL_KEY_SW_6_PXIFG = ~(HAL_KEY_SW_6_BIT);
   \   000029   7589FD       MOV       0x89,#-0x3
    276          
    277              HAL_KEY_SW_5_ICTL |= HAL_KEY_SW_5_ICTLBIT;
   \   00002C   438D04       ORL       0x8d,#0x4
    278              HAL_KEY_SW_5_IEN |= HAL_KEY_SW_5_IENBIT;
   \   00002F   439A10       ORL       0x9a,#0x10
    279              HAL_KEY_SW_5_PXIFG = ~(HAL_KEY_SW_5_BIT);  
   \   000032   758AFB       MOV       0x8a,#-0x5
    280          
    281              HAL_KEY_SW_4_ICTL |= HAL_KEY_SW_4_ICTLBIT;
   \   000035   438D80       ORL       0x8d,#0x80
    282              HAL_KEY_SW_4_IEN |= HAL_KEY_SW_4_IENBIT;
   \   000038   439A10       ORL       0x9a,#0x10
    283              HAL_KEY_SW_4_PXIFG = ~(HAL_KEY_SW_4_BIT); 
                                          ^
Warning[Pe069]: integer conversion resulted in truncation
   \   00003B   758A7F       MOV       0x8a,#0x7f
    284              
    285              HAL_KEY_SW_1_ICTL |= HAL_KEY_SW_1_ICTLBIT;
   \   00003E   43AC01       ORL       0xac,#0x1
    286              HAL_KEY_SW_1_IEN |= HAL_KEY_SW_1_IENBIT;
   \   000041   439A02       ORL       0x9a,#0x2
    287              HAL_KEY_SW_1_PXIFG = ~(HAL_KEY_SW_1_BIT);
   \   000044   758BFE       MOV       0x8b,#-0x2
    288          
    289              /* Do this only after the hal_key is configured - to work with sleep stuff */
    290              if (HalKeyConfigured == TRUE)
   \   000047   90....       MOV       DPTR,#HalKeyConfigured
   \   00004A   E0           MOVX      A,@DPTR
   \   00004B   6401         XRL       A,#0x1
   \   00004D   7031         JNZ       ??HalKeyConfig_1
    291              {
    292                osal_stop_timerEx(Hal_TaskID, HAL_KEY_EVENT);  /* Cancel polling if active */
   \   00004F                ; Setup parameters for call to function osal_stop_timerEx
   \   00004F   7A10         MOV       R2,#0x10
   \   000051   7B00         MOV       R3,#0x0
   \   000053   90....       MOV       DPTR,#Hal_TaskID
   \   000056   E0           MOVX      A,@DPTR
   \   000057   F9           MOV       R1,A
   \   000058   12....       LCALL     `??osal_stop_timerEx::?relay`; Banked call to: osal_stop_timerEx
   \   00005B   8023         SJMP      ??HalKeyConfig_1
    293              }
    294            }
    295            else    /* Interrupts NOT enabled */
    296            {
    297              HAL_KEY_SW_6_ICTL &= ~(HAL_KEY_SW_6_ICTLBIT); /* don't generate interrupt */
   \                     ??HalKeyConfig_0:
   \   00005D   53ABFD       ANL       0xab,#0xfd
    298              HAL_KEY_SW_6_IEN &= ~(HAL_KEY_SW_6_IENBIT);   /* Clear interrupt enable bit */
   \   000060   C2BD         CLR       0xb8.5
    299          
    300              HAL_KEY_SW_5_ICTL &= ~(HAL_KEY_SW_5_ICTLBIT); /* don't generate interrupt */
   \   000062   538DFB       ANL       0x8d,#0xfb
    301              HAL_KEY_SW_5_IEN &= ~(HAL_KEY_SW_5_IENBIT);   /* Clear interrupt enable bit */
   \   000065   539AEF       ANL       0x9a,#0xef
    302          
    303              HAL_KEY_SW_4_ICTL &= ~(HAL_KEY_SW_4_ICTLBIT); /* don't generate interrupt */
   \   000068   538D7F       ANL       0x8d,#0x7f
    304              HAL_KEY_SW_4_IEN &= ~(HAL_KEY_SW_4_IENBIT);   /* Clear interrupt enable bit */
   \   00006B   539AEF       ANL       0x9a,#0xef
    305              
    306              HAL_KEY_SW_1_ICTL &= ~(HAL_KEY_SW_1_ICTLBIT); /* don't generate interrupt */
   \   00006E   53ACFE       ANL       0xac,#0xfe
    307              HAL_KEY_SW_1_IEN &= ~(HAL_KEY_SW_1_IENBIT);   /* Clear interrupt enable bit */   
   \   000071   539AFD       ANL       0x9a,#0xfd
    308              
    309              osal_set_event(Hal_TaskID, HAL_KEY_EVENT);
   \   000074                ; Setup parameters for call to function osal_set_event
   \   000074   7A10         MOV       R2,#0x10
   \   000076   7B00         MOV       R3,#0x0
   \   000078   90....       MOV       DPTR,#Hal_TaskID
   \   00007B   E0           MOVX      A,@DPTR
   \   00007C   F9           MOV       R1,A
   \   00007D   12....       LCALL     `??osal_set_event::?relay`; Banked call to: osal_set_event
    310            }
    311          
    312            /* Key now is configured */
    313            HalKeyConfigured = TRUE;
   \                     ??HalKeyConfig_1:
   \   000080   90....       MOV       DPTR,#HalKeyConfigured
   \   000083   7401         MOV       A,#0x1
   \   000085   F0           MOVX      @DPTR,A
    314          }
   \   000086   FF           MOV       R7,A
   \   000087   02....       LJMP      ?BANKED_LEAVE_XDATA
   \   00008A                REQUIRE PICTL
   \   00008A                REQUIRE P0IEN
   \   00008A                REQUIRE _A_IEN1
   \   00008A                REQUIRE P0IFG
   \   00008A                REQUIRE P1IEN
   \   00008A                REQUIRE IEN2
   \   00008A                REQUIRE P1IFG
   \   00008A                REQUIRE P2IEN
   \   00008A                REQUIRE P2IFG
    315          
    316          
    317          /**************************************************************************************************
    318           * @fn      HalKeyRead
    319           *
    320           * @brief   Read the current value of a key
    321           *
    322           * @param   None
    323           *
    324           * @return  keys - current keys status
    325           **************************************************************************************************/

   \                                 In  segment BANKED_CODE, align 1, keep-with-next
    326          uint8 HalKeyRead ( void )
   \                     HalKeyRead:
    327          {
   \   000000                ; Saved register size: 0
   \   000000                ; Auto size: 0
    328            uint8 keys = 0;
    329          
    330          //  if (HAL_PUSH_BUTTON1())
    331          //  {
    332          //    keys |= HAL_KEY_SW_6;
    333          //  }
    334          //
    335          //  if ((HAL_KEY_SW_1_PORT & HAL_KEY_SW_1_BIT))  /* Key is active low */
    336          //  {
    337          //    keys |= HAL_KEY_SW_1;
    338          //  }
    339          
    340            return keys;
   \   000000                REQUIRE ?Subroutine1
   \   000000                ; // Fall through to label ?Subroutine1

   \                                 In  segment BANKED_CODE, align 1, keep-with-next
   \                     ?Subroutine1:
   \   000000   7900         MOV       R1,#0x0
   \   000002   02....       LJMP      ?BRET
    341          }
    342          
    343          
    344          
    345          
    346          /**************************************************************************************************
    347           * @fn      HalKeyPoll
    348           *
    349           * @brief   Called by hal_driver to poll the keys
    350           *
    351           * @param   None
    352           *
    353           * @return  None
    354           **************************************************************************************************/

   \                                 In  segment BANKED_CODE, align 1, keep-with-next
    355          void HalKeyPoll (void)
   \                     HalKeyPoll:
    356          {
   \   000000   C082         PUSH      DPL
   \   000002   C083         PUSH      DPH
   \   000004                ; Saved register size: 2
   \   000004                ; Auto size: 0
    357            uint8 keys = 0;
   \   000004   7900         MOV       R1,#0x0
    358          
    359            if (HAL_KEY_SW_6_ACTIVE == true)  /* Interrupt Flag has been set */
   \   000006   90....       MOV       DPTR,#HAL_KEY_SW_6_ACTIVE
   \   000009   E0           MOVX      A,@DPTR
   \   00000A   6401         XRL       A,#0x1
   \   00000C   7002         JNZ       ??HalKeyPoll_0
    360            {
    361              keys |= HAL_KEY_SW_6;
   \   00000E   7920         MOV       R1,#0x20
    362            }
    363            HAL_KEY_SW_6_ACTIVE = false;
   \                     ??HalKeyPoll_0:
   \   000010   E4           CLR       A
   \   000011   F0           MOVX      @DPTR,A
    364          
    365          
    366            if (HAL_KEY_SW_5_ACTIVE == true)  /* Interrupt Flag has been set */
   \   000012   90....       MOV       DPTR,#HAL_KEY_SW_5_ACTIVE
   \   000015   E0           MOVX      A,@DPTR
   \   000016   6401         XRL       A,#0x1
   \   000018   7004         JNZ       ??HalKeyPoll_1
    367            {
    368              keys |= HAL_KEY_SW_5;
   \   00001A   E9           MOV       A,R1
   \   00001B   D2E2         SETB      0xE0 /* A   */.2
   \   00001D   F9           MOV       R1,A
    369            }  
    370            HAL_KEY_SW_5_ACTIVE = false;  
   \                     ??HalKeyPoll_1:
   \   00001E   E4           CLR       A
   \   00001F   F0           MOVX      @DPTR,A
    371          
    372          
    373            if (HAL_KEY_SW_4_ACTIVE == true)  /* Interrupt Flag has been set */
   \   000020   90....       MOV       DPTR,#HAL_KEY_SW_4_ACTIVE
   \   000023   E0           MOVX      A,@DPTR
   \   000024   6401         XRL       A,#0x1
   \   000026   7004         JNZ       ??HalKeyPoll_2
    374            {
    375              keys |= HAL_KEY_SW_4;
   \   000028   E9           MOV       A,R1
   \   000029   D2E3         SETB      0xE0 /* A   */.3
   \   00002B   F9           MOV       R1,A
    376            }  
    377            HAL_KEY_SW_4_ACTIVE = false;    
   \                     ??HalKeyPoll_2:
   \   00002C   E4           CLR       A
   \   00002D   F0           MOVX      @DPTR,A
    378           
    379            
    380            if (HAL_KEY_SW_1_ACTIVE == true)  /* Interrupt Flag has been set */
   \   00002E   90....       MOV       DPTR,#HAL_KEY_SW_1_ACTIVE
   \   000031   E0           MOVX      A,@DPTR
   \   000032   6401         XRL       A,#0x1
   \   000034   7004         JNZ       ??HalKeyPoll_3
    381            {
    382              keys |= HAL_KEY_SW_1;
   \   000036   E9           MOV       A,R1
   \   000037   D2E0         SETB      0xE0 /* A   */.0
   \   000039   F9           MOV       R1,A
    383            }  
    384            HAL_KEY_SW_1_ACTIVE = false;  
   \                     ??HalKeyPoll_3:
   \   00003A   E4           CLR       A
   \   00003B   F0           MOVX      @DPTR,A
    385          
    386            
    387            /* Invoke Callback if new keys were depressed */
    388            if (pHalKeyProcessFunction
    389          #ifdef HAL_LEGACY_KEYS
    390              && keys //in legacy modes, only report key presses and do not report when a key is released
    391          #endif
    392              )
   \   00003C   90....       MOV       DPTR,#pHalKeyProcessFunction
   \   00003F   E0           MOVX      A,@DPTR
   \   000040   FA           MOV       R2,A
   \   000041   A3           INC       DPTR
   \   000042   E0           MOVX      A,@DPTR
   \   000043   FB           MOV       R3,A
   \   000044   EA           MOV       A,R2
   \   000045   4B           ORL       A,R3
   \   000046   6010         JZ        ??HalKeyPoll_4
    393            {
    394              (pHalKeyProcessFunction) (keys, HAL_KEY_STATE_NORMAL);
   \   000048                ; Setup parameters for indirect call
   \   000048   7A00         MOV       R2,#0x0
   \   00004A   90....       MOV       DPTR,#pHalKeyProcessFunction
   \   00004D   E0           MOVX      A,@DPTR
   \   00004E   F8           MOV       R0,A
   \   00004F   A3           INC       DPTR
   \   000050   E0           MOVX      A,@DPTR
   \   000051   F583         MOV       DPH,A
   \   000053   8882         MOV       DPL,R0
   \   000055   12....       LCALL     ?CALL_IND
    395            }
    396          }
   \                     ??HalKeyPoll_4:
   \   000058   02....       LJMP      ?Subroutine0 & 0xFFFF
    397          
    398          
    399          /**************************************************************************************************
    400           * @fn      halProcessKeyInterrupt
    401           *
    402           * @brief   Checks to see if it's a valid key interrupt, saves interrupt driven key states for
    403           *          processing by HalKeyRead(), and debounces keys by scheduling HalKeyRead() 25ms later.
    404           *
    405           * @param
    406           *
    407           * @return
    408           **************************************************************************************************/

   \                                 In  segment BANKED_CODE, align 1, keep-with-next
    409          void halProcessKeyInterrupt (void)
   \                     halProcessKeyInterrupt:
    410          {
   \   000000   C082         PUSH      DPL
   \   000002   C083         PUSH      DPH
   \   000004                ; Saved register size: 2
   \   000004                ; Auto size: 0
    411            osal_start_timerEx (Hal_TaskID, HAL_KEY_EVENT, HAL_KEY_DEBOUNCE_VALUE);
   \   000004                ; Setup parameters for call to function osal_start_timerEx
   \   000004   90....       MOV       DPTR,#__Constant_19
   \   000007   12....       LCALL     ?PUSH_XSTACK8_X_FOUR
   \   00000A   7A10         MOV       R2,#0x10
   \   00000C   7B00         MOV       R3,#0x0
   \   00000E   90....       MOV       DPTR,#Hal_TaskID
   \   000011   E0           MOVX      A,@DPTR
   \   000012   F9           MOV       R1,A
   \   000013   12....       LCALL     `??osal_start_timerEx::?relay`; Banked call to: osal_start_timerEx
   \   000016   7404         MOV       A,#0x4
   \   000018   12....       LCALL     ?DEALLOC_XSTACK8
    412          }
   \   00001B   02....       LJMP      ?Subroutine0 & 0xFFFF
    413          
    414          
    415          /**************************************************************************************************
    416           * @fn      HalKeyEnterSleep
    417           *
    418           * @brief  - Get called to enter sleep mode
    419           *
    420           * @param
    421           *
    422           * @return
    423           **************************************************************************************************/

   \                                 In  segment BANKED_CODE, align 1, keep-with-next
    424          void HalKeyEnterSleep ( void )
   \                     HalKeyEnterSleep:
    425          {
   \   000000                ; Saved register size: 0
   \   000000                ; Auto size: 0
    426          }
   \   000000   02....       LJMP      ?BRET
    427          
    428          /**************************************************************************************************
    429           * @fn      HalKeyExitSleep
    430           *
    431           * @brief   - Get called when sleep is over
    432           *
    433           * @param
    434           *
    435           * @return  - return saved keys
    436           **************************************************************************************************/

   \                                 In  segment BANKED_CODE, align 1, keep-with-next
    437          uint8 HalKeyExitSleep ( void )
   \                     HalKeyExitSleep:
    438          {
   \   000000                ; Saved register size: 0
   \   000000                ; Auto size: 0
    439            /* Wake up and read keys */
    440            return ( HalKeyRead () );
   \   000000   02....       LJMP      ?Subroutine1 & 0xFFFF
    441          }
    442          
    443          /***************************************************************************************************
    444           *                                    INTERRUPT SERVICE ROUTINE
    445           ***************************************************************************************************/
    446          
    447          /**************************************************************************************************
    448           * @fn      halKeyPort0Isr
    449           *
    450           * @brief   Port0 ISR
    451           *
    452           * @param
    453           *
    454           * @return
    455           **************************************************************************************************/

   \                                 In  segment NEAR_CODE, align 1, keep-with-next
    456          HAL_ISR_FUNCTION( halKeyPort0Isr, P0INT_VECTOR )
   \                     halKeyPort0Isr:
    457          {
   \   000000   C0E0         PUSH      A
   \   000002   74F2         MOV       A,#-0xe
   \   000004   12....       LCALL     ?INTERRUPT_ENTER_XSP
   \   000007                ; Saved register size: 14
   \   000007                ; Auto size: 0
    458            HAL_ENTER_ISR();
   \   000007   A2AF         MOV       C,0xa8.7
   \   000009   E4           CLR       A
   \   00000A   33           RLC       A
   \   00000B   FE           MOV       R6,A
   \   00000C   D2AF         SETB      0xa8.7
    459          
    460            if (HAL_KEY_SW_6_PXIFG & HAL_KEY_SW_6_BIT)  /* Interrupt Flag has been set */
   \   00000E   E589         MOV       A,0x89
   \   000010   A2E1         MOV       C,0xE0 /* A   */.1
   \   000012   501B         JNC       ??halKeyPort0Isr_0
    461            {
    462              HAL_KEY_SW_6_ACTIVE = true;
   \   000014   90....       MOV       DPTR,#HAL_KEY_SW_6_ACTIVE
   \   000017   7401         MOV       A,#0x1
   \   000019   F0           MOVX      @DPTR,A
    463          
    464              if (isEdgeBitSet6) {
   \   00001A   90....       MOV       DPTR,#isEdgeBitSet6
   \   00001D   E0           MOVX      A,@DPTR
   \   00001E   6006         JZ        ??halKeyPort0Isr_1
    465                  PICTL |= HAL_KEY_SW_6_EDGEBIT;
   \   000020   438C01       ORL       0x8c,#0x1
   \   000023   E4           CLR       A
   \   000024   8005         SJMP      ??halKeyPort0Isr_2
    466              } else {
    467                  PICTL &= ~(HAL_KEY_SW_6_EDGEBIT);
   \                     ??halKeyPort0Isr_1:
   \   000026   538CFE       ANL       0x8c,#0xfe
   \   000029   7401         MOV       A,#0x1
   \                     ??halKeyPort0Isr_2:
   \   00002B   F0           MOVX      @DPTR,A
    468              }
    469              // Skift tilstanden
    470              isEdgeBitSet6 = !isEdgeBitSet6;
    471              halProcessKeyInterrupt();
   \   00002C                ; Setup parameters for call to function halProcessKeyInterrupt
   \   00002C   12....       LCALL     `??halProcessKeyInterrupt::?relay`; Banked call to: halProcessKeyInterrupt
    472            }
    473            //printf("P0INT_VECTOR\n");
    474          
    475            //Clear the CPU interrupt flag for Port_0
    476            //PxIFG has to be cleared before PxIF
    477            HAL_KEY_SW_6_PXIFG = 0;
   \                     ??halKeyPort0Isr_0:
   \   00002F   758900       MOV       0x89,#0x0
    478            HAL_KEY_CPU_PORT_0_IF = 0;
   \   000032   C2C5         CLR       0xc0.5
    479            
    480            CLEAR_SLEEP_MODE();
   \   000034                REQUIRE ?Subroutine2
   \   000034                REQUIRE _A_IEN0
   \   000034                REQUIRE P0IFG
   \   000034                REQUIRE PICTL
   \   000034                REQUIRE _A_IRCON
   \   000034                ; // Fall through to label ?Subroutine2
    481            HAL_EXIT_ISR();
    482          }

   \                                 In  segment NEAR_CODE, align 1, keep-with-next
   \                     ?Subroutine2:
   \   000000   75..00       MOV       halSleepPconValue,#0x0
   \   000003   EE           MOV       A,R6
   \   000004   A2E0         MOV       C,0xE0 /* A   */.0
   \   000006   92AF         MOV       0xa8.7,C
   \   000008   7F01         MOV       R7,#0x1
   \   00000A   02....       LJMP      ?INTERRUPT_LEAVE_XSP
    483          
    484          /**************************************************************************************************
    485           * @fn      halKeyPort1Isr
    486           *
    487           * @brief   Port1 ISR
    488           *
    489           * @param
    490           *
    491           * @return
    492           **************************************************************************************************/

   \                                 In  segment NEAR_CODE, align 1, keep-with-next
    493          HAL_ISR_FUNCTION( halKeyPort1Isr, P1INT_VECTOR )
   \                     halKeyPort1Isr:
    494          {
   \   000000   C0E0         PUSH      A
   \   000002   74F2         MOV       A,#-0xe
   \   000004   12....       LCALL     ?INTERRUPT_ENTER_XSP
   \   000007                ; Saved register size: 14
   \   000007                ; Auto size: 0
    495            HAL_ENTER_ISR();
   \   000007   A2AF         MOV       C,0xa8.7
   \   000009   E4           CLR       A
   \   00000A   33           RLC       A
   \   00000B   FE           MOV       R6,A
   \   00000C   D2AF         SETB      0xa8.7
    496          
    497            if (HAL_KEY_SW_5_PXIFG & HAL_KEY_SW_5_BIT)  /* Interrupt Flag has been set */
   \   00000E   E58A         MOV       A,0x8a
   \   000010   A2E2         MOV       C,0xE0 /* A   */.2
   \   000012   501B         JNC       ??halKeyPort1Isr_0
    498            {
    499              HAL_KEY_SW_5_ACTIVE = true;
   \   000014   90....       MOV       DPTR,#HAL_KEY_SW_5_ACTIVE
   \   000017   7401         MOV       A,#0x1
   \   000019   F0           MOVX      @DPTR,A
    500          
    501              if (isEdgeBitSet5) {
   \   00001A   90....       MOV       DPTR,#isEdgeBitSet5
   \   00001D   E0           MOVX      A,@DPTR
   \   00001E   6006         JZ        ??halKeyPort1Isr_1
    502                  PICTL |= HAL_KEY_SW_5_EDGEBIT;
   \   000020   438C02       ORL       0x8c,#0x2
   \   000023   E4           CLR       A
   \   000024   8005         SJMP      ??halKeyPort1Isr_2
    503              } else {
    504                  PICTL &= ~(HAL_KEY_SW_5_EDGEBIT);
   \                     ??halKeyPort1Isr_1:
   \   000026   538CFD       ANL       0x8c,#0xfd
   \   000029   7401         MOV       A,#0x1
   \                     ??halKeyPort1Isr_2:
   \   00002B   F0           MOVX      @DPTR,A
    505              }
    506              // Skift tilstanden
    507              isEdgeBitSet5 = !isEdgeBitSet5;
    508              halProcessKeyInterrupt();
   \   00002C                ; Setup parameters for call to function halProcessKeyInterrupt
   \   00002C   12....       LCALL     `??halProcessKeyInterrupt::?relay`; Banked call to: halProcessKeyInterrupt
    509            }
    510          
    511            if (HAL_KEY_SW_4_PXIFG & HAL_KEY_SW_4_BIT)  /* Interrupt Flag has been set */
   \                     ??halKeyPort1Isr_0:
   \   00002F   E58A         MOV       A,0x8a
   \   000031   A2E7         MOV       C,0xE0 /* A   */.7
   \   000033   501B         JNC       ??halKeyPort1Isr_3
    512            {
    513              HAL_KEY_SW_4_ACTIVE = true;
   \   000035   90....       MOV       DPTR,#HAL_KEY_SW_4_ACTIVE
   \   000038   7401         MOV       A,#0x1
   \   00003A   F0           MOVX      @DPTR,A
    514          
    515              if (isEdgeBitSet4) {
   \   00003B   90....       MOV       DPTR,#isEdgeBitSet4
   \   00003E   E0           MOVX      A,@DPTR
   \   00003F   6006         JZ        ??halKeyPort1Isr_4
    516                  PICTL |= HAL_KEY_SW_4_EDGEBIT;
   \   000041   438C04       ORL       0x8c,#0x4
   \   000044   E4           CLR       A
   \   000045   8005         SJMP      ??halKeyPort1Isr_5
    517              } else {
    518                  PICTL &= ~(HAL_KEY_SW_4_EDGEBIT);
   \                     ??halKeyPort1Isr_4:
   \   000047   538CFB       ANL       0x8c,#0xfb
   \   00004A   7401         MOV       A,#0x1
   \                     ??halKeyPort1Isr_5:
   \   00004C   F0           MOVX      @DPTR,A
    519              }
    520              // Skift tilstanden
    521              isEdgeBitSet4 = !isEdgeBitSet4;
    522              halProcessKeyInterrupt();
   \   00004D                ; Setup parameters for call to function halProcessKeyInterrupt
   \   00004D   12....       LCALL     `??halProcessKeyInterrupt::?relay`; Banked call to: halProcessKeyInterrupt
    523            }  
    524            //printf("P1INT_VECTOR\n");
    525            
    526            //Clear the CPU interrupt flag for Port_1
    527            //PxIFG has to be cleared before PxIF
    528            HAL_KEY_SW_5_PXIFG = 0;
   \                     ??halKeyPort1Isr_3:
   \   000050   758A00       MOV       0x8a,#0x0
    529            HAL_KEY_SW_4_PXIFG = 0;
   \   000053   758A00       MOV       0x8a,#0x0
    530            HAL_KEY_CPU_PORT_1_IF = 0;
   \   000056   C2EB         CLR       0xe8.3
    531            
    532            CLEAR_SLEEP_MODE();
   \   000058   80..         SJMP      ?Subroutine2
   \   00005A                REQUIRE _A_IEN0
   \   00005A                REQUIRE P1IFG
   \   00005A                REQUIRE PICTL
   \   00005A                REQUIRE _A_IRCON2
    533            HAL_EXIT_ISR();
    534          }
    535          
    536          /**************************************************************************************************
    537           * @fn      halKeyPort2Isr
    538           *
    539           * @brief   Port2 ISR
    540           *
    541           * @param
    542           *
    543           * @return
    544           **************************************************************************************************/

   \                                 In  segment NEAR_CODE, align 1, keep-with-next
    545          HAL_ISR_FUNCTION( halKeyPort2Isr, P2INT_VECTOR )
   \                     halKeyPort2Isr:
    546          {
   \   000000   C0E0         PUSH      A
   \   000002   74F2         MOV       A,#-0xe
   \   000004   12....       LCALL     ?INTERRUPT_ENTER_XSP
   \   000007                ; Saved register size: 14
   \   000007                ; Auto size: 0
    547            HAL_ENTER_ISR();
   \   000007   A2AF         MOV       C,0xa8.7
   \   000009   E4           CLR       A
   \   00000A   33           RLC       A
   \   00000B   FE           MOV       R6,A
   \   00000C   D2AF         SETB      0xa8.7
    548          
    549            if (HAL_KEY_SW_1_PXIFG & HAL_KEY_SW_1_BIT)  /* Interrupt Flag has been set */
   \   00000E   E58B         MOV       A,0x8b
   \   000010   A2E0         MOV       C,0xE0 /* A   */.0
   \   000012   5009         JNC       ??halKeyPort2Isr_0
    550            {
    551              HAL_KEY_SW_1_ACTIVE = true;
   \   000014   90....       MOV       DPTR,#HAL_KEY_SW_1_ACTIVE
   \   000017   7401         MOV       A,#0x1
   \   000019   F0           MOVX      @DPTR,A
    552              halProcessKeyInterrupt();
   \   00001A                ; Setup parameters for call to function halProcessKeyInterrupt
   \   00001A   12....       LCALL     `??halProcessKeyInterrupt::?relay`; Banked call to: halProcessKeyInterrupt
    553            }  
    554            //printf("P2INT_VECTOR\n"); 
    555          
    556            //Clear the CPU interrupt flag for Port_0
    557            //PxIFG has to be cleared before PxIF
    558            HAL_KEY_SW_1_PXIFG = 0;
   \                     ??halKeyPort2Isr_0:
   \   00001D   758B00       MOV       0x8b,#0x0
    559            HAL_KEY_CPU_PORT_2_IF = 0;  
   \   000020   C2E8         CLR       0xe8.0
    560             
    561            CLEAR_SLEEP_MODE();
   \   000022   02....       LJMP      ?Subroutine2
   \   000025                REQUIRE _A_IEN0
   \   000025                REQUIRE P2IFG
   \   000025                REQUIRE _A_IRCON2
    562            HAL_EXIT_ISR();
    563          }

   \                                 In  segment INTVEC, offset 0x33, root
   \                     `??halKeyPort2Isr::??INTVEC 51`:
   \   000033   02....       LJMP       (halKeyPort2Isr)

   \                                 In  segment INTVEC, offset 0x6b, root
   \                     `??halKeyPort0Isr::??INTVEC 107`:
   \   00006B   02....       LJMP       (halKeyPort0Isr)

   \                                 In  segment INTVEC, offset 0x7b, root
   \                     `??halKeyPort1Isr::??INTVEC 123`:
   \   00007B   02....       LJMP       (halKeyPort1Isr)

   \                                 In  segment XDATA_ROM_C, align 1
   \                     __Constant_19:
   \   000000   19000000     DD 25
    564          
    565          #else
    566          
    567          //void HalKeyInit(void){}
    568          //void HalKeyConfig(bool interruptEnable, halKeyCBack_t cback){}
    569          //uint8 HalKeyRead(void){ return 0;}
    570          //void HalKeyPoll(void){}
    571          
    572          #endif /* HAL_KEY */
    573          
    574          
    575          
    576          
    577          
    578          /**************************************************************************************************
    579          **************************************************************************************************/
    580          
    581          
    582          

   Maximum stack usage in bytes:

   ISTACK XSTACK Function
   ------ ------ --------
      0      9   HalKeyConfig
        0      9   -> osal_set_event
        0      9   -> osal_stop_timerEx
      0      0   HalKeyEnterSleep
      0      0   HalKeyExitSleep
      2      0   HalKeyInit
      2      0   HalKeyPoll
      0      0   HalKeyRead
      0     14   halKeyPort0Isr
        0     14   -> halProcessKeyInterrupt
      0     14   halKeyPort1Isr
        0     14   -> halProcessKeyInterrupt
      0     14   halKeyPort2Isr
        0     14   -> halProcessKeyInterrupt
      2     18   halProcessKeyInterrupt
        2      4   -> osal_start_timerEx


   Segment part sizes:

   Bytes  Function/Label
   -----  --------------
       7  ?Subroutine0
       5  ?Subroutine1
      13  ?Subroutine2
       1  HAL_KEY_SW_1_ACTIVE
       1  HAL_KEY_SW_4_ACTIVE
       1  HAL_KEY_SW_5_ACTIVE
       1  HAL_KEY_SW_6_ACTIVE
     138  HalKeyConfig
       1  HalKeyConfigured
       3  HalKeyEnterSleep
       3  HalKeyExitSleep
      39  HalKeyInit
      91  HalKeyPoll
       0  HalKeyRead
       1  Hal_KeyIntEnable
       1  IEN2
       1  P0DIR
       1  P0IEN
       1  P0IFG
       1  P0SEL
       1  P1DIR
       1  P1IEN
       1  P1IFG
       1  P1SEL
       1  P2DIR
       1  P2IEN
       1  P2IFG
       1  P2SEL
       1  PICTL
       1  _A_IEN0
       1  _A_IEN1
       1  _A_IRCON
       1  _A_IRCON2
       4  __Constant_19
      52  halKeyPort0Isr
       3  halKeyPort0Isr::??INTVEC 107
      90  halKeyPort1Isr
       3  halKeyPort1Isr::??INTVEC 123
      37  halKeyPort2Isr
       3  halKeyPort2Isr::??INTVEC 51
      30  halProcessKeyInterrupt
       1  isEdgeBitSet1
       1  isEdgeBitSet4
       1  isEdgeBitSet5
       1  isEdgeBitSet6
       2  pHalKeyProcessFunction
      42  -- Other

 
 316 bytes in segment BANKED_CODE
  42 bytes in segment BANK_RELAYS
   9 bytes in segment INTVEC
 192 bytes in segment NEAR_CODE
  18 bytes in segment SFR_AN
   4 bytes in segment XDATA_ROM_C
  12 bytes in segment XDATA_Z
 
 234 bytes of CODE     memory (+  9 bytes shared)
   0 bytes of CONST    memory (+  4 bytes shared)
   0 bytes of DATA     memory (+ 18 bytes shared)
 316 bytes of HUGECODE memory
  12 bytes of XDATA    memory

Errors: none
Warnings: 1
